2023-04-14 04:26:13	test
2023-04-14 04:28:37	test
2023-04-14 04:28:37	test2
2023-04-14 04:30:00	test
2023-04-14 04:30:00	test
2023-04-14 04:30:00	test4
